// Jest Snapshot v1, https://goo.gl/fbAQLP

exports[`Logout renders correctly 1`] = `
<DocumentFragment>
  <span
    class="css-1b0a5un"
  >
    Выйти
  </span>
</DocumentFragment>
`;
