// Jest Snapshot v1, https://goo.gl/fbAQLP

exports[`StartPopup is rendered correctly 1`] = `
<DocumentFragment>
  <div
    class="css-1p0rybr"
    data-testid="start-popup"
  >
    <form
      class="css-qztj7d"
      data-testid="start-form"
    >
      <input
        class="css-1oh381d"
        data-testid="name-input"
        placeholder="Enter Your Name:"
        required=""
        value="Andrey"
      />
      <button
        class="css-som8ht"
      >
        Start
      </button>
    </form>
  </div>
</DocumentFragment>
`;
