// Jest Snapshot v1, https://goo.gl/fbAQLP

exports[`Field renders correctly 1`] = `
<DocumentFragment>
  <div
    class="css-1v75wtv"
  >
    <div
      class="css-9ncwx"
    >
      <div
        class="css-1dept0h"
        data-testid="cell"
      />
      <div
        class="css-1dept0h"
        data-testid="cell"
      />
      <div
        class="css-1dept0h"
        data-testid="cell"
      />
      <div
        class="css-1dept0h"
        data-testid="cell"
      />
      <div
        class="css-1dept0h"
        data-testid="cell"
      />
    </div>
    <div
      class="css-9ncwx"
    >
      <div
        class="css-1dept0h"
        data-testid="cell"
      />
      <div
        class="css-1dept0h"
        data-testid="cell"
      />
      <div
        class="css-1cjnez2"
        data-testid="cell"
      />
      <div
        class="css-1dept0h"
        data-testid="cell"
      />
      <div
        class="css-1dept0h"
        data-testid="cell"
      />
    </div>
    <div
      class="css-9ncwx"
    >
      <div
        class="css-1dept0h"
        data-testid="cell"
      />
      <div
        class="css-1dept0h"
        data-testid="cell"
      />
      <div
        class="css-1dept0h"
        data-testid="cell"
      />
      <div
        class="css-1dept0h"
        data-testid="cell"
      />
      <div
        class="css-1dept0h"
        data-testid="cell"
      />
    </div>
    <div
      class="css-9ncwx"
    >
      <div
        class="css-1dept0h"
        data-testid="cell"
      />
      <div
        class="css-1dept0h"
        data-testid="cell"
      />
      <div
        class="css-1dept0h"
        data-testid="cell"
      />
      <div
        class="css-1dept0h"
        data-testid="cell"
      />
      <div
        class="css-1dept0h"
        data-testid="cell"
      />
    </div>
    <div
      class="css-9ncwx"
    >
      <div
        class="css-1dept0h"
        data-testid="cell"
      />
      <div
        class="css-1dept0h"
        data-testid="cell"
      />
      <div
        class="css-1dept0h"
        data-testid="cell"
      />
      <div
        class="css-1dept0h"
        data-testid="cell"
      />
      <div
        class="css-1dept0h"
        data-testid="cell"
      />
    </div>
  </div>
</DocumentFragment>
`;
