// Jest Snapshot v1, https://goo.gl/fbAQLP

exports[`InteractiveField test cases InteractiveField check 1`] = `
<DocumentFragment>
  <div
    class="css-avf8ql"
  >
    <div
      class="css-9ncwx"
    >
      <div
        class="css-1dept0h"
        data-testid="cell"
      />
      <div
        class="css-1dept0h"
        data-testid="cell"
      />
    </div>
    <div
      class="css-9ncwx"
    >
      <div
        class="css-1dept0h"
        data-testid="cell"
      />
      <div
        class="css-1dept0h"
        data-testid="cell"
      />
    </div>
  </div>
</DocumentFragment>
`;
